[debug] [2026-08-05T13:17:19.447Z] ----------------------------------------------------------------------
[debug] [2026-08-05T13:17:19.453Z] Command:       C:\Program Files\nodejs\node.exe C:\Users\wwwvi\AppData\Roaming\npm\node_modules\firebase-tools\lib\bin\firebase.js init
[debug] [2026-08-05T13:17:19.454Z] CLI Version:   15.25.1
[debug] [2026-08-05T13:17:19.454Z] Platform:      win32
[debug] [2026-08-05T13:17:19.455Z] Node Version:  v24.14.1
[debug] [2026-08-05T13:17:19.455Z] Detected Agent: unknown
[debug] [2026-08-05T13:17:19.455Z] Time:          Wed Aug 05 2026 09:17:19 GMT-0400 (Eastern Daylight Time)
[debug] [2026-08-05T13:17:19.456Z] ----------------------------------------------------------------------
[debug] 
[debug] [2026-08-05T13:17:19.479Z] >>> [apiv2][query] GET https://firebase-public.firebaseio.com/cli.json [none]
[info] 
     ######## #### ########  ######## ########     ###     ######  ########
     ##        ##  ##     ## ##       ##     ##  ##   ##  ##       ##
     ######    ##  ########  ######   ########  #########  ######  ######
     ##        ##  ##    ##  ##       ##     ## ##     ##       ## ##
     ##       #### ##     ## ######## ########  ##     ##  ######  ########

You're about to initialize a Firebase project in this directory:

  C:\Users\wwwvi\OneDrive\Documents\GitHub\Clean-Canopy-Tree-Service

[debug] [2026-08-05T13:17:22.766Z] <<< [apiv2][status] GET https://firebase-public.firebaseio.com/cli.json 200
[debug] [2026-08-05T13:17:22.766Z] <<< [apiv2][body] GET https://firebase-public.firebaseio.com/cli.json {"cloudBuildErrorAfter":1594252800000,"cloudBuildWarnAfter":1590019200000,"defaultNode10After":1594252800000,"minVersion":"3.0.5","node8DeploysDisabledAfter":1613390400000,"node8RuntimeDisabledAfter":1615809600000,"node8WarnAfter":1600128000000}
[info] 
=== Project Setup
[info] 
[info] First, let's associate this project directory with a Firebase project.
[info] You can create multiple project aliases by running firebase use --add, 
[info] 
[debug] [2026-08-05T13:17:50.260Z] > command requires scopes: ["email","openid","https://www.googleapis.com/auth/cloudplatformprojects.readonly","https://www.googleapis.com/auth/firebase","https://www.googleapis.com/auth/cloud-platform"]
[debug] [2026-08-05T13:17:50.260Z] > authorizing via signed-in user (marketingkd27@gmail.com)
[debug] [2026-08-05T13:17:50.261Z] Checked if tokens are valid: false, expires at: 1785769003741
[debug] [2026-08-05T13:17:50.262Z] Checked if tokens are valid: false, expires at: 1785769003741
[debug] [2026-08-05T13:17:50.262Z] > refreshing access token with scopes: []
[debug] [2026-08-05T13:17:50.264Z] >>> [apiv2][query] POST https://www.googleapis.com/oauth2/v3/token [none]
[debug] [2026-08-05T13:17:50.264Z] >>> [apiv2][body] POST https://www.googleapis.com/oauth2/v3/token [omitted]
[debug] [2026-08-05T13:17:50.700Z] <<< [apiv2][status] POST https://www.googleapis.com/oauth2/v3/token 200
[debug] [2026-08-05T13:17:50.700Z] <<< [apiv2][body] POST https://www.googleapis.com/oauth2/v3/token [omitted]
[debug] [2026-08-05T13:17:50.723Z] >>> [apiv2][query] GET https://firebase.googleapis.com/v1beta1/projects pageSize=100
[debug] [2026-08-05T13:17:52.045Z] <<< [apiv2][status] GET https://firebase.googleapis.com/v1beta1/projects 200
[debug] [2026-08-05T13:17:52.045Z] <<< [apiv2][body] GET https://firebase.googleapis.com/v1beta1/projects [omitted]
[info] 
=== Hosting Setup
[debug] [2026-08-05T13:17:56.139Z] Checked if tokens are valid: true, expires at: 1785939469700
[debug] [2026-08-05T13:17:56.139Z] Checked if tokens are valid: true, expires at: 1785939469700
[debug] [2026-08-05T13:17:56.139Z] >>> [apiv2][query] GET https://firebase.googleapis.com/v1beta1/projects/clean-canopy-tree-service [none]
[debug] [2026-08-05T13:17:56.892Z] <<< [apiv2][status] GET https://firebase.googleapis.com/v1beta1/projects/clean-canopy-tree-service 200
[debug] [2026-08-05T13:17:56.892Z] <<< [apiv2][body] GET https://firebase.googleapis.com/v1beta1/projects/clean-canopy-tree-service {"projectId":"clean-canopy-tree-service","projectNumber":"900930177008","displayName":"clean-canopy-tree-service","name":"projects/clean-canopy-tree-service","resources":{"hostingSite":"clean-canopy-tree-service"},"state":"ACTIVE","labels":{"firebase":"enabled"},"etag":"1_ef943fff-c95d-44c7-bc4f-a594b7b2ce6f"}
[info] 
[info] Your public directory is the folder (relative to your project directory) that
[info] will contain Hosting assets to be uploaded with firebase deploy. If you
[info] have a build process for your assets, use your build's output directory.
[info] 
[info] 
[info] i  Detected a .git folder at C:\Users\wwwvi\OneDrive\Documents\GitHub\Clean-Canopy-Tree-Service 
[info] i  Authorizing with GitHub to upload your service account to a GitHub repository's secrets store. 
[info] 
[info] Visit this URL on this device to log in:
[info] https://github.com/login/oauth/authorize?client_id=89cf50f02ac6aaed3484&state=644592039&redirect_uri=http%3A%2F%2Flocalhost%3A9005&scope=read%3Auser%20repo%20public_repo
[info] 
[info] Waiting for authentication...
[debug] [2026-08-05T13:18:12.137Z] >>> [apiv2][query] POST https://github.com/login/oauth/access_token [none]
[debug] [2026-08-05T13:18:12.137Z] >>> [apiv2][body] POST https://github.com/login/oauth/access_token [stream]
[debug] [2026-08-05T13:18:12.830Z] <<< [apiv2][status] POST https://github.com/login/oauth/access_token 200
[debug] [2026-08-05T13:18:12.830Z] <<< [apiv2][body] POST https://github.com/login/oauth/access_token {"access_token":"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","token_type":"bearer","scope":"read:user,repo"}
[debug] [2026-08-05T13:18:12.841Z] >>> [apiv2][query] GET https://api.github.com/user [none]
[debug] [2026-08-05T13:18:13.626Z] <<< [apiv2][status] GET https://api.github.com/user 200
[debug] [2026-08-05T13:18:13.626Z] <<< [apiv2][body] GET https://api.github.com/user {"login":"vithuvithurshanan","id":209078663,"node_id":"U_kgDODHZJhw","avatar_url":"https://avatars.githubusercontent.com/u/209078663?v=4","gravatar_id":"","url":"https://api.github.com/users/vithuvithurshanan","html_url":"https://github.com/vithuvithurshanan","followers_url":"https://api.github.com/users/vithuvithurshanan/followers","following_url":"https://api.github.com/users/vithuvithurshanan/following{/other_user}","gists_url":"https://api.github.com/users/vithuvithurshanan/gists{/gist_id}","starred_url":"https://api.github.com/users/vithuvithurshanan/starred{/owner}{/repo}","subscriptions_url":"https://api.github.com/users/vithuvithurshanan/subscriptions","organizations_url":"https://api.github.com/users/vithuvithurshanan/orgs","repos_url":"https://api.github.com/users/vithuvithurshanan/repos","events_url":"https://api.github.com/users/vithuvithurshanan/events{/privacy}","received_events_url":"https://api.github.com/users/vithuvithurshanan/received_events","type":"User","user_view_type":"private","site_admin":false,"name":null,"company":null,"blog":"","location":"vavuniya , srilanka","email":null,"hireable":null,"bio":null,"twitter_username":null,"notification_email":null,"public_repos":27,"public_gists":0,"followers":2,"following":3,"created_at":"2025-04-25T06:59:22Z","updated_at":"2026-07-05T18:10:01Z","private_gists":0,"total_private_repos":13,"owned_private_repos":13,"disk_usage":185892,"collaborators":7,"two_factor_authentication":false,"plan":{"name":"free","space":976562499,"collaborators":0,"private_repos":10000}}
[info] 
[info] +  Success! Logged into GitHub as vithuvithurshanan 
[info] 
